warning: output filename collision at C:/t/cargo-targets/wgpu-weld\debug\deps\demo_weld_win.pdb
  |
  = note: the bin target `demo-weld-win` in package `demo-weld-win v0.1.0 (C:\Users\mark_\Code\repos\wgpu-weld\demo-weld-win)` has the same output filename as the lib target `demo_weld_win` in package `demo-weld-win v0.1.0 (C:\Users\mark_\Code\repos\wgpu-weld\demo-weld-win)`
  = note: if this looks unexpected, it may be a bug in Cargo. Please file a bug report at https://github.com/rust-lang/cargo/issues/ with as much information as you can provide.
  = note: cargo 1.97.1 (c980f4866 2026-06-30) running on `x86_64-pc-windows-msvc` target `x86_64-pc-windows-msvc`
  = note: first unit: Unit { pkg: Package { id: PackageId { name: "demo-weld-win", version: "0.1.0", source: "C:\\Users\\mark_\\Code\\repos\\wgpu-weld\\demo-weld-win" }, ..: ".." }, target: TargetInner { name: "demo-weld-win", doc: true, ..: with_path("C:\\Users\\mark_\\Code\\repos\\wgpu-weld\\demo-weld-win\\src\\direct.rs", Edition2024) }, profile: Profile { ..: default_dev() }, kind: Host, mode: Build, features: [], rustflags: [], rustdocflags: [], links_overrides: {}, artifact: false, artifact_target_for_features: None, is_std: false, dep_hash: 4415792287906653421 }
  = note: second unit: Unit { pkg: Package { id: PackageId { name: "demo-weld-win", version: "0.1.0", source: "C:\\Users\\mark_\\Code\\repos\\wgpu-weld\\demo-weld-win" }, ..: ".." }, target: TargetInner { ..: lib_target("demo_weld_win", ["cdylib"], "C:\\Users\\mark_\\Code\\repos\\wgpu-weld\\demo-weld-win\\src\\lib.rs", Edition2024) }, profile: Profile { ..: default_dev() }, kind: Host, mode: Build, features: [], rustflags: [], rustdocflags: [], links_overrides: {}, artifact: false, artifact_target_for_features: None, is_std: false, dep_hash: 4415792287906653421 }
warning: output filename collision at C:/t/cargo-targets/wgpu-weld\debug\demo_weld_win.pdb
  |
  = note: the bin target `demo-weld-win` in package `demo-weld-win v0.1.0 (C:\Users\mark_\Code\repos\wgpu-weld\demo-weld-win)` has the same output filename as the lib target `demo_weld_win` in package `demo-weld-win v0.1.0 (C:\Users\mark_\Code\repos\wgpu-weld\demo-weld-win)`
  = note: if this looks unexpected, it may be a bug in Cargo. Please file a bug report at https://github.com/rust-lang/cargo/issues/ with as much information as you can provide.
  = note: cargo 1.97.1 (c980f4866 2026-06-30) running on `x86_64-pc-windows-msvc` target `x86_64-pc-windows-msvc`
  = note: first unit: Unit { pkg: Package { id: PackageId { name: "demo-weld-win", version: "0.1.0", source: "C:\\Users\\mark_\\Code\\repos\\wgpu-weld\\demo-weld-win" }, ..: ".." }, target: TargetInner { name: "demo-weld-win", doc: true, ..: with_path("C:\\Users\\mark_\\Code\\repos\\wgpu-weld\\demo-weld-win\\src\\direct.rs", Edition2024) }, profile: Profile { ..: default_dev() }, kind: Host, mode: Build, features: [], rustflags: [], rustdocflags: [], links_overrides: {}, artifact: false, artifact_target_for_features: None, is_std: false, dep_hash: 4415792287906653421 }
  = note: second unit: Unit { pkg: Package { id: PackageId { name: "demo-weld-win", version: "0.1.0", source: "C:\\Users\\mark_\\Code\\repos\\wgpu-weld\\demo-weld-win" }, ..: ".." }, target: TargetInner { ..: lib_target("demo_weld_win", ["cdylib"], "C:\\Users\\mark_\\Code\\repos\\wgpu-weld\\demo-weld-win\\src\\lib.rs", Edition2024) }, profile: Profile { ..: default_dev() }, kind: Host, mode: Build, features: [], rustflags: [], rustdocflags: [], links_overrides: {}, artifact: false, artifact_target_for_features: None, is_std: false, dep_hash: 4415792287906653421 }
   Compiling log v0.4.34
   Compiling aho-corasick v1.1.5
   Compiling wgpu-types v30.0.1
   Compiling naga v30.0.1
   Compiling regex-automata v0.4.18
   Compiling rustls v0.23.43
   Compiling ureq-proto v0.6.1
   Compiling gpu-allocator v0.28.0
   Compiling glutin_wgl_sys v0.6.1
   Compiling wgpu-naga-bridge v30.0.1
   Compiling wgpu-hal v30.0.1
   Compiling ureq v3.4.0
   Compiling regex v1.13.1
   Compiling download-cef v3.0.0
   Compiling wgpu-core-deps-windows-linux-android v30.0.1
   Compiling cef-dll-sys v154.5.0+154.0.34
   Compiling wgpu-core v30.0.1
   Compiling regex-syntax v0.8.11
   Compiling wgpu v30.0.1
   Compiling windows_x86_64_msvc v0.52.6
   Compiling windows-targets v0.52.6
   Compiling jiff-core v0.1.0
   Compiling jiff v0.2.35
   Compiling env_filter v2.0.0
   Compiling cef v154.5.0+154.0.34
   Compiling grafting v0.6.0
   Compiling windows-sys v0.52.0
   Compiling smol_str v0.2.2
   Compiling cursor-icon v1.2.0
   Compiling unicode-segmentation v1.13.3
   Compiling winit v0.30.13
   Compiling welding v0.15.0 (C:\Users\mark_\Code\repos\wgpu-weld\welding)
   Compiling env_logger v0.11.11
   Compiling pollster v0.4.0
   Compiling demo-weld-win v0.1.0 (C:\Users\mark_\Code\repos\wgpu-weld\demo-weld-win)
    Finished `dev` profile [unoptimized + debuginfo] target(s) in 7m 07s
