 Downloading crates ...
  Downloaded cef-dll-sys v154.5.0+154.0.34
  Downloaded cef v154.5.0+154.0.34
  Downloaded download-cef v3.0.0
   Compiling proc-macro2 v1.0.107
   Compiling unicode-ident v1.0.24
   Compiling quote v1.0.47
   Compiling syn v3.0.4
    Checking windows-link v0.2.1
   Compiling syn v2.0.119
   Compiling autocfg v1.5.1
   Compiling log v0.4.34
   Compiling cfg_aliases v0.2.2
   Compiling thiserror v2.0.20
   Compiling thiserror-impl v2.0.20
   Compiling libc v0.2.189
   Compiling shlex v2.0.1
    Checking foldhash v0.2.0
   Compiling khronos_api v3.1.0
   Compiling cfg-if v1.0.4
   Compiling find-msvc-tools v0.1.11
   Compiling cc v1.4.4
    Checking equivalent v1.0.2
   Compiling libm v0.2.16
   Compiling windows-sys v0.61.2
   Compiling num-traits v0.2.19
   Compiling windows-interface v0.59.3
   Compiling windows-implement v0.60.2
    Checking windows-result v0.4.1
    Checking windows-strings v0.5.1
   Compiling xml-rs v0.8.29
   Compiling zmij v1.0.23
   Compiling gl_generator v0.14.0
    Checking windows-core v0.62.2
   Compiling ring v0.17.14
    Checking hashbrown v0.17.1
    Checking bitflags v2.13.1
    Checking once_cell v1.21.4
   Compiling zerocopy v0.8.56
    Checking indexmap v2.14.1
   Compiling zerocopy-derive v0.8.56
   Compiling memchr v2.8.3
   Compiling serde_core v1.0.229
   Compiling zeroize v1.9.0
    Checking rustc-hash v1.1.0
   Compiling serde v1.0.229
    Checking naga-types v30.0.1
   Compiling rustls-pki-types v1.15.1
   Compiling getrandom v0.2.17
   Compiling naga v30.0.1
    Checking windows-threading v0.2.1
    Checking libloading v0.8.9
   Compiling serde_derive v1.0.229
   Compiling bytemuck_derive v1.12.0
   Compiling httparse v1.10.1
   Compiling parking_lot_core v0.9.12
   Compiling crc32fast v1.5.1
   Compiling ash v0.38.0+1.3.281
   Compiling anstyle v1.0.14
    Checking bit-vec v0.9.1
   Compiling utf8parse v0.2.2
   Compiling untrusted v0.9.0
    Checking unicode-width v0.2.2
   Compiling winapi v0.3.9
   Compiling itoa v1.0.18
    Checking raw-window-handle v0.6.2
   Compiling once_cell_polyfill v1.70.2
   Compiling anstyle-wincon v3.0.11
    Checking codespan-reporting v0.13.1
   Compiling anstyle-parse v1.0.0
    Checking bit-set v0.10.0
    Checking bytemuck v1.25.2
    Checking windows-future v0.3.2
    Checking half v2.7.1
    Checking spirv v0.4.0+sdk-1.4.341.0
    Checking windows-numerics v0.3.1
    Checking windows-collections v0.3.2
   Compiling glutin_wgl_sys v0.6.1
   Compiling anstyle-query v1.1.5
   Compiling bytes v1.12.1
   Compiling rustls v0.23.43
   Compiling adler2 v2.0.1
    Checking scopeguard v1.2.0
   Compiling serde_json v1.0.151
   Compiling portable-atomic v1.15.0
    Checking smallvec v1.15.2
    Checking arrayvec v0.7.8
   Compiling simd-adler32 v0.3.10
   Compiling khronos-egl v6.0.0
   Compiling colorchoice v1.0.5
    Checking static_assertions v1.1.0
   Compiling heck v0.5.0
   Compiling is_terminal_polyfill v1.70.2
    Checking allocator-api2 v0.2.21
    Checking hashbrown v0.16.1
   Compiling anstream v1.0.0
   Compiling clap_derive v4.6.4
    Checking wgpu-types v30.0.1
   Compiling miniz_oxide v0.9.1
    Checking lock_api v0.4.14
   Compiling http v1.5.0
    Checking windows v0.62.2
   Compiling rustls-webpki v0.103.15
   Compiling aho-corasick v1.1.5
   Compiling wgpu-hal v30.0.1
   Compiling fs-err v3.3.1
   Compiling encode_unicode v1.0.0
   Compiling byteorder v1.5.0
   Compiling clap_lex v1.1.0
   Compiling subtle v2.6.1
   Compiling regex-syntax v0.8.11
    Checking presser v0.3.1
   Compiling base64 v0.23.1
   Compiling strsim v0.11.1
   Compiling anyhow v1.0.104
   Compiling clap_builder v4.6.6
   Compiling ureq-proto v0.6.1
    Checking gpu-allocator v0.28.0
   Compiling regex-automata v0.4.18
   Compiling console v0.16.4
   Compiling socks v0.3.4
   Compiling flate2 v1.1.10
    Checking parking_lot v0.12.5
    Checking wgpu-naga-bridge v30.0.1
   Compiling webpki-roots v1.0.9
    Checking ordered-float v5.5.0
   Compiling filetime v0.2.29
    Checking glow v0.17.0
   Compiling libbz2-rs-sys v0.2.5
    Checking profiling v1.0.18
    Checking renderdoc-sys v1.1.0
   Compiling unit-prefix v0.5.2
    Checking range-alloc v0.1.5
   Compiling utf8-zero v0.8.1
   Compiling percent-encoding v2.3.2
   Compiling ureq v3.4.0
   Compiling indicatif v0.18.6
   Compiling bzip2 v0.6.1
   Compiling tar v0.4.46
   Compiling regex v1.13.1
   Compiling clap v4.6.6
   Compiling wgpu-core v30.0.1
   Compiling semver v1.0.28
   Compiling litrs v1.0.0
   Compiling sha1_smol v1.0.1
   Compiling download-cef v3.0.0
   Compiling document-features v0.2.12
    Checking wgpu-core-deps-windows-linux-android v30.0.1
   Compiling cmake v0.1.58
   Compiling wgpu v30.0.1
   Compiling camino v1.2.5
   Compiling cef-dll-sys v154.5.0+154.0.34
    Checking tracing-core v0.1.36
   Compiling tracing-attributes v0.1.31
    Checking pin-project-lite v0.2.17
   Compiling windows_x86_64_msvc v0.52.6
    Checking tracing v0.1.44
error: failed to run custom build command for `cef-dll-sys v154.5.0+154.0.34`

Caused by:
  process didn't exit successfully: `C:/t/cargo-targets/wgpu-weld\debug\build\cef-dll-sys-5b080a36468a2e19\build-script-build` (exit code: 1)
  --- stdout
  cargo::rerun-if-changed=build.rs
  cargo::rerun-if-env-changed=FLATPAK
  cargo::rerun-if-env-changed=NIX_CEF_BINARY
  cargo::rerun-if-env-changed=CEF_PATH
  Using CEF path from environment: C:/Users/mark_/Code/cef-cache/wgpu-weld/154.0.34/cef_windows_x86_64
  cargo::rerun-if-changed=C:/Users/mark_/Code/cef-cache/wgpu-weld/154.0.34/cef_windows_x86_64
  cargo::metadata=CEF_DIR=C:/Users/mark_/Code/cef-cache/wgpu-weld/154.0.34/cef_windows_x86_64
  cargo::rustc-link-search=native=C:/Users/mark_/Code/cef-cache/wgpu-weld/154.0.34/cef_windows_x86_64
  cargo::metadata=CEF_API_VERSION=15400

  --- stderr
  Error: The system cannot find the path specified. (os error 3)
